// Jest Snapshot v1, https://goo.gl/fbAQLP

exports[`Fieldset component snapshot test 1`] = `
Object {
  "asFragment": [Function],
  "baseElement": <body>
    <div>
      <fieldset>
        <legend>
          Test Legend
        </legend>
        <input
          class="input_number form-control"
          placeholder="amount"
          step="0.1"
          type="number"
          value="42"
        />
        <select
          class="select form-select"
        >
          <option
            value="Option 1"
          >
            Option 1
          </option>
          <option
            value="Option 2"
          >
            Option 2
          </option>
        </select>
      </fieldset>
    </div>
  </body>,
  "container": <div>
    <fieldset>
      <legend>
        Test Legend
      </legend>
      <input
        class="input_number form-control"
        placeholder="amount"
        step="0.1"
        type="number"
        value="42"
      />
      <select
        class="select form-select"
      >
        <option
          value="Option 1"
        >
          Option 1
        </option>
        <option
          value="Option 2"
        >
          Option 2
        </option>
      </select>
    </fieldset>
  </div>,
  "debug": [Function],
  "findAllByAltText": [Function],
  "findAllByDisplayValue": [Function],
  "findAllByLabelText": [Function],
  "findAllByPlaceholderText": [Function],
  "findAllByRole": [Function],
  "findAllByTestId": [Function],
  "findAllByText": [Function],
  "findAllByTitle": [Function],
  "findByAltText": [Function],
  "findByDisplayValue": [Function],
  "findByLabelText": [Function],
  "findByPlaceholderText": [Function],
  "findByRole": [Function],
  "findByTestId": [Function],
  "findByText": [Function],
  "findByTitle": [Function],
  "getAllByAltText": [Function],
  "getAllByDisplayValue": [Function],
  "getAllByLabelText": [Function],
  "getAllByPlaceholderText": [Function],
  "getAllByRole": [Function],
  "getAllByTestId": [Function],
  "getAllByText": [Function],
  "getAllByTitle": [Function],
  "getByAltText": [Function],
  "getByDisplayValue": [Function],
  "getByLabelText": [Function],
  "getByPlaceholderText": [Function],
  "getByRole": [Function],
  "getByTestId": [Function],
  "getByText": [Function],
  "getByTitle": [Function],
  "queryAllByAltText": [Function],
  "queryAllByDisplayValue": [Function],
  "queryAllByLabelText": [Function],
  "queryAllByPlaceholderText": [Function],
  "queryAllByRole": [Function],
  "queryAllByTestId": [Function],
  "queryAllByText": [Function],
  "queryAllByTitle": [Function],
  "queryByAltText": [Function],
  "queryByDisplayValue": [Function],
  "queryByLabelText": [Function],
  "queryByPlaceholderText": [Function],
  "queryByRole": [Function],
  "queryByTestId": [Function],
  "queryByText": [Function],
  "queryByTitle": [Function],
  "rerender": [Function],
  "unmount": [Function],
}
`;
